[{"stream_name":"stderr","time":5.214287591,"data":"/usr/local/lib/python3.13/dist-packages/nbformat/validator.py:434: MissingIDFieldWarning: Cell is missing an id field, this will become a hard error in future nbformat versions. You may want to use `normalize()` on your notebooks before validations (available since nbformat 5.1.4). Previous versions of nbformat are fixing this issue transparently, and will stop doing so in the future.\n"}
,{"stream_name":"stderr","time":5.214342495,"data":"  _validate(nbdict, ref, version, version_minor, relax_add_props)\n"}
,{"stream_name":"stderr","time":6.020171226,"data":"0.00s - Debugger warning: It seems that frozen modules are being used, which may\n"}
,{"stream_name":"stderr","time":6.020195124,"data":"0.00s - make the debugger miss breakpoints. Please pass -Xfrozen_modules=off\n"}
,{"stream_name":"stderr","time":6.020200385,"data":"0.00s - to python to disable frozen modules.\n"}
,{"stream_name":"stderr","time":6.020220757,"data":"0.00s - Note: Debugging will proceed. Set PYDEVD_DISABLE_FILE_VALIDATION=1 to disable this validation.\n"}
,{"stream_name":"stderr","time":6.587212364,"data":"0.00s - Debugger warning: It seems that frozen modules are being used, which may\n"}
,{"stream_name":"stderr","time":6.587238317,"data":"0.00s - make the debugger miss breakpoints. Please pass -Xfrozen_modules=off\n"}
,{"stream_name":"stderr","time":6.587243202,"data":"0.00s - to python to disable frozen modules.\n"}
,{"stream_name":"stderr","time":6.587247094,"data":"0.00s - Note: Debugging will proceed. Set PYDEVD_DISABLE_FILE_VALIDATION=1 to disable this validation.\n"}
,{"stream_name":"stdout","time":27.764800949,"data":"python 3.13.15 | torch 2.11.0+cu128 | timm 1.0.29\n"}
,{"stream_name":"stdout","time":27.764825744,"data":"GPU: Tesla T4\n"}
,{"stream_name":"stdout","time":406.693997611,"data":"Số ảnh: {'train': 10501, 'val': 3501, 'test': 3507} | tổng 17509\n"}
,{"stream_name":"stdout","time":406.69403129,"data":"Tỉ lệ: {'train': 0.5997, 'val': 0.2, 'test': 0.2003}\n"}
,{"stream_name":"stdout","time":406.694037893,"data":"                train   val  test\n"}
,{"stream_name":"stdout","time":406.694042767,"data":"Chinee Apple      675   225   226\n"}
,{"stream_name":"stdout","time":406.694047315,"data":"Lantana           637   213   213\n"}
,{"stream_name":"stdout","time":406.694053248,"data":"Parkinsonia       618   206   207\n"}
,{"stream_name":"stdout","time":406.694058647,"data":"Parthenium        613   204   205\n"}
,{"stream_name":"stdout","time":406.694063964,"data":"Prickly Acacia    637   212   213\n"}
,{"stream_name":"stdout","time":406.694068928,"data":"Rubber Vine       605   202   202\n"}
,{"stream_name":"stdout","time":406.694074425,"data":"Siam Weed         644   215   215\n"}
,{"stream_name":"stdout","time":406.694079267,"data":"Snake Weed        609   203   204\n"}
,{"stream_name":"stdout","time":406.694083658,"data":"Negatives        5463  1821  1822\n"}
,{"stream_name":"stdout","time":406.694088697,"data":"Giao: {'train\u0026val': 0, 'train\u0026test': 0, 'val\u0026test': 0} | hợp: 17509 | file thiếu: 0\n"}
,{"stream_name":"stdout","time":406.69409396,"data":"{'train': 10501, 'val': 3501, 'test': 3507}\n"}
,{"stream_name":"stderr","time":407.875031385,"data":"Warning: You are sending unauthenticated requests to the HF Hub. Please set a HF_TOKEN to enable higher rate limits and faster downloads.\n"}
,{"stream_name":"stderr","time":407.875062626,"data":"\n"}
,{"stream_name":"stderr","time":407.875070225,"data":"Warning: You are sending unauthenticated requests to the HF Hub. Please set a HF_TOKEN to enable higher rate limits and faster downloads.\n"}
,{"stream_name":"stderr","time":426.21036971,"data":"/kaggle/working/repo/submissions/2A202602542_dao_quang_canh/code/train.py:171: UserWarning: Detected call of `lr_scheduler.step()` before `optimizer.step()`. In PyTorch 1.1.0 and later, you should call them in the opposite order: `optimizer.step()` before `lr_scheduler.step()`.  Failure to do this will result in PyTorch skipping the first value of the learning rate schedule. See more details at https://pytorch.org/docs/stable/optim.html#how-to-adjust-learning-rate\n"}
,{"stream_name":"stderr","time":426.210425984,"data":"  scheduler.step()\n"}
,{"stream_name":"stderr","time":426.210432456,"data":"\n"}
,{"stream_name":"stderr","time":426.210437244,"data":"/kaggle/working/repo/submissions/2A202602542_dao_quang_canh/code/train.py:171: UserWarning: Detected call of `lr_scheduler.step()` before `optimizer.step()`. In PyTorch 1.1.0 and later, you should call them in the opposite order: `optimizer.step()` before `lr_scheduler.step()`.  Failure to do this will result in PyTorch skipping the first value of the learning rate schedule. See more details at https://pytorch.org/docs/stable/optim.html#how-to-adjust-learning-rate\n"}
,{"stream_name":"stderr","time":426.210443579,"data":"  scheduler.step()\n"}
,{"stream_name":"stdout","time":489.134143939,"data":"[T00 s0] ep01/12 train_loss=0.6902 val_loss=0.3112 val_F1=0.8695 val_top1=0.8986\n"}
,{"stream_name":"stdout","time":557.833906131,"data":"[T00 s0] ep02/12 train_loss=0.2810 val_loss=0.2966 val_F1=0.8833 val_top1=0.9055\n"}
,{"stream_name":"stdout","time":625.516593293,"data":"[T00 s0] ep03/12 train_loss=0.2211 val_loss=0.2155 val_F1=0.9186 val_top1=0.9332\n"}
,{"stream_name":"stdout","time":693.165559266,"data":"[T00 s0] ep04/12 train_loss=0.1561 val_loss=0.1996 val_F1=0.9271 val_top1=0.9437\n"}
,{"stream_name":"stdout","time":760.854873937,"data":"[T00 s0] ep05/12 train_loss=0.1278 val_loss=0.1312 val_F1=0.9502 val_top1=0.9612\n"}
,{"stream_name":"stdout","time":828.703079563,"data":"[T00 s0] ep06/12 train_loss=0.0858 val_loss=0.1617 val_F1=0.9423 val_top1=0.9549\n"}
,{"stream_name":"stdout","time":895.992571619,"data":"[T00 s0] ep07/12 train_loss=0.0651 val_loss=0.1651 val_F1=0.9480 val_top1=0.9592\n"}
,{"stream_name":"stdout","time":962.756306013,"data":"[T00 s0] ep08/12 train_loss=0.0506 val_loss=0.1382 val_F1=0.9600 val_top1=0.9689\n"}
,{"stream_name":"stdout","time":1028.820406242,"data":"[T00 s0] ep09/12 train_loss=0.0292 val_loss=0.1500 val_F1=0.9596 val_top1=0.9680\n"}
,{"stream_name":"stdout","time":1094.734220884,"data":"[T00 s0] ep10/12 train_loss=0.0132 val_loss=0.1349 val_F1=0.9654 val_top1=0.9737\n"}
,{"stream_name":"stdout","time":1160.67327193,"data":"[T00 s0] ep11/12 train_loss=0.0076 val_loss=0.1284 val_F1=0.9688 val_top1=0.9760\n"}
,{"stream_name":"stdout","time":1226.477017277,"data":"[T00 s0] ep12/12 train_loss=0.0060 val_loss=0.1278 val_F1=0.9703 val_top1=0.9774\n"}
,{"stream_name":"stderr","time":1265.71329947,"data":"/kaggle/working/repo/submissions/2A202602542_dao_quang_canh/code/train.py:171: UserWarning: Detected call of `lr_scheduler.step()` before `optimizer.step()`. In PyTorch 1.1.0 and later, you should call them in the opposite order: `optimizer.step()` before `lr_scheduler.step()`.  Failure to do this will result in PyTorch skipping the first value of the learning rate schedule. See more details at https://pytorch.org/docs/stable/optim.html#how-to-adjust-learning-rate\n"}
,{"stream_name":"stderr","time":1265.713338501,"data":"  scheduler.step()\n"}
,{"stream_name":"stderr","time":1265.713343651,"data":"\n"}
,{"stream_name":"stderr","time":1265.713348082,"data":"/kaggle/working/repo/submissions/2A202602542_dao_quang_canh/code/train.py:171: UserWarning: Detected call of `lr_scheduler.step()` before `optimizer.step()`. In PyTorch 1.1.0 and later, you should call them in the opposite order: `optimizer.step()` before `lr_scheduler.step()`.  Failure to do this will result in PyTorch skipping the first value of the learning rate schedule. See more details at https://pytorch.org/docs/stable/optim.html#how-to-adjust-learning-rate\n"}
,{"stream_name":"stderr","time":1265.713362384,"data":"  scheduler.step()\n"}
,{"stream_name":"stdout","time":1333.302543807,"data":"[T00 s1] ep01/12 train_loss=0.7295 val_loss=0.3426 val_F1=0.8365 val_top1=0.8837\n"}
,{"stream_name":"stdout","time":1401.410907708,"data":"[T00 s1] ep02/12 train_loss=0.3127 val_loss=0.1914 val_F1=0.9249 val_top1=0.9412\n"}
,{"stream_name":"stdout","time":1469.185384453,"data":"[T00 s1] ep03/12 train_loss=0.2185 val_loss=0.2563 val_F1=0.8991 val_top1=0.9226\n"}
,{"stream_name":"stdout","time":1536.772718624,"data":"[T00 s1] ep04/12 train_loss=0.1622 val_loss=0.1907 val_F1=0.9245 val_top1=0.9354\n"}
,{"stream_name":"stdout","time":1604.203984934,"data":"[T00 s1] ep05/12 train_loss=0.1230 val_loss=0.2400 val_F1=0.9074 val_top1=0.9326\n"}
,{"stream_name":"stdout","time":1671.29112818,"data":"[T00 s1] ep06/12 train_loss=0.0941 val_loss=0.1884 val_F1=0.9324 val_top1=0.9457\n"}
,{"stream_name":"stdout","time":1738.069025983,"data":"[T00 s1] ep07/12 train_loss=0.0594 val_loss=0.2001 val_F1=0.9333 val_top1=0.9452\n"}
,{"stream_name":"stdout","time":1804.356341925,"data":"[T00 s1] ep08/12 train_loss=0.0442 val_loss=0.2437 val_F1=0.9265 val_top1=0.9420\n"}
,{"stream_name":"stdout","time":1870.233475858,"data":"[T00 s1] ep09/12 train_loss=0.0253 val_loss=0.1608 val_F1=0.9583 val_top1=0.9686\n"}
,{"stream_name":"stdout","time":1935.993963574,"data":"[T00 s1] ep10/12 train_loss=0.0131 val_loss=0.1556 val_F1=0.9625 val_top1=0.9714\n"}
,{"stream_name":"stdout","time":2001.467450651,"data":"[T00 s1] ep11/12 train_loss=0.0068 val_loss=0.1390 val_F1=0.9673 val_top1=0.9743\n"}
,{"stream_name":"stdout","time":2066.940648171,"data":"[T00 s1] ep12/12 train_loss=0.0049 val_loss=0.1405 val_F1=0.9671 val_top1=0.9743\n"}
,{"stream_name":"stderr","time":2104.335289376,"data":"/kaggle/working/repo/submissions/2A202602542_dao_quang_canh/code/train.py:171: UserWarning: Detected call of `lr_scheduler.step()` before `optimizer.step()`. In PyTorch 1.1.0 and later, you should call them in the opposite order: `optimizer.step()` before `lr_scheduler.step()`.  Failure to do this will result in PyTorch skipping the first value of the learning rate schedule. See more details at https://pytorch.org/docs/stable/optim.html#how-to-adjust-learning-rate\n"}
,{"stream_name":"stderr","time":2104.335323973,"data":"  scheduler.step()\n"}
,{"stream_name":"stderr","time":2104.335329117,"data":"\n"}
,{"stream_name":"stderr","time":2104.335333516,"data":"/kaggle/working/repo/submissions/2A202602542_dao_quang_canh/code/train.py:171: UserWarning: Detected call of `lr_scheduler.step()` before `optimizer.step()`. In PyTorch 1.1.0 and later, you should call them in the opposite order: `optimizer.step()` before `lr_scheduler.step()`.  Failure to do this will result in PyTorch skipping the first value of the learning rate schedule. See more details at https://pytorch.org/docs/stable/optim.html#how-to-adjust-learning-rate\n"}
,{"stream_name":"stderr","time":2104.335339499,"data":"  scheduler.step()\n"}
,{"stream_name":"stdout","time":2171.875623203,"data":"[T00 s2] ep01/12 train_loss=0.7154 val_loss=0.2710 val_F1=0.8853 val_top1=0.9135\n"}
,{"stream_name":"stdout","time":2240.141612014,"data":"[T00 s2] ep02/12 train_loss=0.2853 val_loss=0.2859 val_F1=0.8788 val_top1=0.9046\n"}
,{"stream_name":"stdout","time":2307.804786216,"data":"[T00 s2] ep03/12 train_loss=0.2073 val_loss=0.3698 val_F1=0.8508 val_top1=0.8955\n"}
,{"stream_name":"stdout","time":2375.49111,"data":"[T00 s2] ep04/12 train_loss=0.1620 val_loss=0.2183 val_F1=0.9084 val_top1=0.9314\n"}
,{"stream_name":"stdout","time":2443.242844716,"data":"[T00 s2] ep05/12 train_loss=0.1122 val_loss=0.2558 val_F1=0.8965 val_top1=0.9243\n"}
,{"stream_name":"stdout","time":2510.773970883,"data":"[T00 s2] ep06/12 train_loss=0.0912 val_loss=0.2023 val_F1=0.9293 val_top1=0.9472\n"}
,{"stream_name":"stdout","time":2578.025622492,"data":"[T00 s2] ep07/12 train_loss=0.0802 val_loss=0.1209 val_F1=0.9590 val_top1=0.9692\n"}
,{"stream_name":"stdout","time":2644.494762016,"data":"[T00 s2] ep08/12 train_loss=0.0436 val_loss=0.1738 val_F1=0.9393 val_top1=0.9537\n"}
,{"stream_name":"stdout","time":2710.513108099,"data":"[T00 s2] ep09/12 train_loss=0.0277 val_loss=0.1452 val_F1=0.9574 val_top1=0.9674\n"}
,{"stream_name":"stdout","time":2776.437645923,"data":"[T00 s2] ep10/12 train_loss=0.0132 val_loss=0.1255 val_F1=0.9668 val_top1=0.9749\n"}
,{"stream_name":"stdout","time":2842.162344061,"data":"[T00 s2] ep11/12 train_loss=0.0097 val_loss=0.1384 val_F1=0.9638 val_top1=0.9729\n"}
,{"stream_name":"stdout","time":2907.939689704,"data":"[T00 s2] ep12/12 train_loss=0.0046 val_loss=0.1345 val_F1=0.9654 val_top1=0.9734\n"}
,{"stream_name":"stdout","time":2943.858915656,"data":"### T00 (3 seed: [0, 1, 2]; 3507 ảnh)\r\n"}
,{"stream_name":"stdout","time":2943.858949046,"data":"\r\n"}
,{"stream_name":"stdout","time":2943.858954059,"data":"| Chỉ số | mean ± std |\r\n"}
,{"stream_name":"stdout","time":2943.858958458,"data":"|---|---|\r\n"}
,{"stream_name":"stdout","time":2943.858962646,"data":"| top-1 accuracy | 0.9751 ± 0.0007 |\r\n"}
,{"stream_name":"stdout","time":2943.858966803,"data":"| macro-F1 | 0.9686 ± 0.0001 |\r\n"}
,{"stream_name":"stdout","time":2943.858970873,"data":"| balanced accuracy | 0.9715 ± 0.0011 |\r\n"}
,{"stream_name":"stdout","time":2943.858974959,"data":"| ECE (15 bin) | 0.0172 ± 0.0012 |\r\n"}
,{"stream_name":"stdout","time":2943.858979036,"data":"| NLL | 0.1205 ± 0.0084 |\r\n"}
,{"stream_name":"stdout","time":2943.858983089,"data":"\r\n"}
,{"stream_name":"stdout","time":2943.858987093,"data":"| Lớp | Precision | Recall | F1 | Số ảnh |\r\n"}
,{"stream_name":"stdout","time":2943.858991155,"data":"|---|---|---|---|---|\r\n"}
,{"stream_name":"stdout","time":2943.858995219,"data":"| Chinee apple | 0.968 ± 0.013 | 0.937 ± 0.011 | 0.952 ± 0.006 | 226 |\r\n"}
,{"stream_name":"stdout","time":2943.858999459,"data":"| Lantana | 0.956 ± 0.016 | 0.975 ± 0.012 | 0.965 ± 0.006 | 213 |\r\n"}
,{"stream_name":"stdout","time":2943.859003668,"data":"| Parkinsonia | 0.965 ± 0.012 | 0.984 ± 0.007 | 0.974 ± 0.010 | 207 |\r\n"}
,{"stream_name":"stdout","time":2943.859007796,"data":"| Parthenium | 0.985 ± 0.013 | 0.977 ± 0.010 | 0.981 ± 0.003 | 205 |\r\n"}
,{"stream_name":"stdout","time":2943.859011959,"data":"| Prickly acacia | 0.945 ± 0.007 | 0.959 ± 0.016 | 0.952 ± 0.005 | 213 |\r\n"}
,{"stream_name":"stdout","time":2943.859016132,"data":"| Rubber vine | 0.979 ± 0.007 | 0.980 ± 0.000 | 0.979 ± 0.004 | 202 |\r\n"}
,{"stream_name":"stdout","time":2943.859020457,"data":"| Siam weed | 0.976 ± 0.007 | 0.991 ± 0.005 | 0.983 ± 0.005 | 215 |\r\n"}
,{"stream_name":"stdout","time":2943.859024954,"data":"| Snake weed | 0.935 ± 0.017 | 0.961 ± 0.008 | 0.948 ± 0.005 | 204 |\r\n"}
,{"stream_name":"stdout","time":2943.859029236,"data":"| Negative | 0.986 ± 0.002 | 0.980 ± 0.001 | 0.983 ± 0.001 | 1822 |\r\n"}
,{"stream_name":"stdout","time":2943.859033405,"data":"\r\n"}
,{"stream_name":"stdout","time":2943.859037479,"data":"Đã lưu kết quả vào /kaggle/working/out/eval_out/T00_*\r\n"}
,{"stream_name":"stdout","time":3044.985795139,"data":"-rw-r--r-- 1 root root 2139949 Oct  5 16:58 baseline_outputs.zip\r\n"}
,{"stream_name":"stderr","time":3050.286898599,"data":"/usr/local/lib/python3.13/dist-packages/mistune.py:435: SyntaxWarning: invalid escape sequence '\\|'\n"}
,{"stream_name":"stderr","time":3050.286937253,"data":"  cells[i][c] = re.sub('\\\\\\\\\\|', '|', cell)\n"}
,{"stream_name":"stderr","time":3050.436948725,"data":"/usr/local/lib/python3.13/dist-packages/nbconvert/filters/filter_links.py:36: SyntaxWarning: invalid escape sequence '\\_'\n"}
,{"stream_name":"stderr","time":3050.436972973,"data":"  text = re.sub(r'_', '\\_', text) # Escape underscores in display text\n"}
,{"stream_name":"stderr","time":3051.14390588,"data":"[NbConvertApp] Converting notebook __notebook__.ipynb to notebook\n"}
,{"stream_name":"stderr","time":3051.22617751,"data":"[NbConvertApp] Writing 47476 bytes to __notebook__.ipynb\n"}
,{"stream_name":"stderr","time":3053.656597833,"data":"[NbConvertApp] Converting notebook __notebook__.ipynb to html\n"}
,{"stream_name":"stderr","time":3054.153832277,"data":"[NbConvertApp] Writing 322480 bytes to __results__.html\n"}
]